riscv64-unknown-elf-gcc    -c -o kernel/entry.o kernel/entry.S
riscv64-unknown-elf-gcc -Wall -Werror -O -fno-omit-frame-pointer -ggdb -gdwarf-2 -MD -mcmodel=medany -ffreestanding -fno-common -nostdlib -mno-relax -I. -fno-stack-protector -fno-pie -no-pie   -c -o kernel/start.o kernel/start.c
riscv64-unknown-elf-gcc -Wall -Werror -O -fno-omit-frame-pointer -ggdb -gdwarf-2 -MD -mcmodel=medany -ffreestanding -fno-common -nostdlib -mno-relax -I. -fno-stack-protector -fno-pie -no-pie   -c -o kernel/console.o kernel/console.c
riscv64-unknown-elf-gcc -Wall -Werror -O -fno-omit-frame-pointer -ggdb -gdwarf-2 -MD -mcmodel=medany -ffreestanding -fno-common -nostdlib -mno-relax -I. -fno-stack-protector -fno-pie -no-pie   -c -o kernel/printf.o kernel/printf.c
riscv64-unknown-elf-gcc -Wall -Werror -O -fno-omit-frame-pointer -ggdb -gdwarf-2 -MD -mcmodel=medany -ffreestanding -fno-common -nostdlib -mno-relax -I. -fno-stack-protector -fno-pie -no-pie   -c -o kernel/uart.o kernel/uart.c
riscv64-unknown-elf-gcc -Wall -Werror -O -fno-omit-frame-pointer -ggdb -gdwarf-2 -MD -mcmodel=medany -ffreestanding -fno-common -nostdlib -mno-relax -I. -fno-stack-protector -fno-pie -no-pie   -c -o kernel/kalloc.o kernel/kalloc.c
riscv64-unknown-elf-gcc -Wall -Werror -O -fno-omit-frame-pointer -ggdb -gdwarf-2 -MD -mcmodel=medany -ffreestanding -fno-common -nostdlib -mno-relax -I. -fno-stack-protector -fno-pie -no-pie   -c -o kernel/spinlock.o kernel/spinlock.c
riscv64-unknown-elf-gcc -Wall -Werror -O -fno-omit-frame-pointer -ggdb -gdwarf-2 -MD -mcmodel=medany -ffreestanding -fno-common -nostdlib -mno-relax -I. -fno-stack-protector -fno-pie -no-pie   -c -o kernel/string.o kernel/string.c
riscv64-unknown-elf-gcc -Wall -Werror -O -fno-omit-frame-pointer -ggdb -gdwarf-2 -MD -mcmodel=medany -ffreestanding -fno-common -nostdlib -mno-relax -I. -fno-stack-protector -fno-pie -no-pie   -c -o kernel/main.o kernel/main.c
riscv64-unknown-elf-gcc -Wall -Werror -O -fno-omit-frame-pointer -ggdb -gdwarf-2 -MD -mcmodel=medany -ffreestanding -fno-common -nostdlib -mno-relax -I. -fno-stack-protector -fno-pie -no-pie   -c -o kernel/vm.o kernel/vm.c
riscv64-unknown-elf-gcc -Wall -Werror -O -fno-omit-frame-pointer -ggdb -gdwarf-2 -MD -mcmodel=medany -ffreestanding -fno-common -nostdlib -mno-relax -I. -fno-stack-protector -fno-pie -no-pie   -c -o kernel/proc.o kernel/proc.c
riscv64-unknown-elf-gcc    -c -o kernel/swtch.o kernel/swtch.S
riscv64-unknown-elf-gcc    -c -o kernel/trampoline.o kernel/trampoline.S
riscv64-unknown-elf-gcc -Wall -Werror -O -fno-omit-frame-pointer -ggdb -gdwarf-2 -MD -mcmodel=medany -ffreestanding -fno-common -nostdlib -mno-relax -I. -fno-stack-protector -fno-pie -no-pie   -c -o kernel/trap.o kernel/trap.c
riscv64-unknown-elf-gcc -Wall -Werror -O -fno-omit-frame-pointer -ggdb -gdwarf-2 -MD -mcmodel=medany -ffreestanding -fno-common -nostdlib -mno-relax -I. -fno-stack-protector -fno-pie -no-pie   -c -o kernel/syscall.o kernel/syscall.c
riscv64-unknown-elf-gcc -Wall -Werror -O -fno-omit-frame-pointer -ggdb -gdwarf-2 -MD -mcmodel=medany -ffreestanding -fno-common -nostdlib -mno-relax -I. -fno-stack-protector -fno-pie -no-pie   -c -o kernel/sysproc.o kernel/sysproc.c
riscv64-unknown-elf-gcc -Wall -Werror -O -fno-omit-frame-pointer -ggdb -gdwarf-2 -MD -mcmodel=medany -ffreestanding -fno-common -nostdlib -mno-relax -I. -fno-stack-protector -fno-pie -no-pie   -c -o kernel/bio.o kernel/bio.c
riscv64-unknown-elf-gcc -Wall -Werror -O -fno-omit-frame-pointer -ggdb -gdwarf-2 -MD -mcmodel=medany -ffreestanding -fno-common -nostdlib -mno-relax -I. -fno-stack-protector -fno-pie -no-pie   -c -o kernel/fs.o kernel/fs.c
riscv64-unknown-elf-gcc -Wall -Werror -O -fno-omit-frame-pointer -ggdb -gdwarf-2 -MD -mcmodel=medany -ffreestanding -fno-common -nostdlib -mno-relax -I. -fno-stack-protector -fno-pie -no-pie   -c -o kernel/log.o kernel/log.c
riscv64-unknown-elf-gcc -Wall -Werror -O -fno-omit-frame-pointer -ggdb -gdwarf-2 -MD -mcmodel=medany -ffreestanding -fno-common -nostdlib -mno-relax -I. -fno-stack-protector -fno-pie -no-pie   -c -o kernel/sleeplock.o kernel/sleeplock.c
riscv64-unknown-elf-gcc -Wall -Werror -O -fno-omit-frame-pointer -ggdb -gdwarf-2 -MD -mcmodel=medany -ffreestanding -fno-common -nostdlib -mno-relax -I. -fno-stack-protector -fno-pie -no-pie   -c -o kernel/file.o kernel/file.c
riscv64-unknown-elf-gcc -Wall -Werror -O -fno-omit-frame-pointer -ggdb -gdwarf-2 -MD -mcmodel=medany -ffreestanding -fno-common -nostdlib -mno-relax -I. -fno-stack-protector -fno-pie -no-pie   -c -o kernel/pipe.o kernel/pipe.c
riscv64-unknown-elf-gcc -Wall -Werror -O -fno-omit-frame-pointer -ggdb -gdwarf-2 -MD -mcmodel=medany -ffreestanding -fno-common -nostdlib -mno-relax -I. -fno-stack-protector -fno-pie -no-pie   -c -o kernel/exec.o kernel/exec.c
riscv64-unknown-elf-gcc -Wall -Werror -O -fno-omit-frame-pointer -ggdb -gdwarf-2 -MD -mcmodel=medany -ffreestanding -fno-common -nostdlib -mno-relax -I. -fno-stack-protector -fno-pie -no-pie   -c -o kernel/sysfile.o kernel/sysfile.c
riscv64-unknown-elf-gcc    -c -o kernel/kernelvec.o kernel/kernelvec.S
riscv64-unknown-elf-gcc -Wall -Werror -O -fno-omit-frame-pointer -ggdb -gdwarf-2 -MD -mcmodel=medany -ffreestanding -fno-common -nostdlib -mno-relax -I. -fno-stack-protector -fno-pie -no-pie   -c -o kernel/plic.o kernel/plic.c
riscv64-unknown-elf-gcc -Wall -Werror -O -fno-omit-frame-pointer -ggdb -gdwarf-2 -MD -mcmodel=medany -ffreestanding -fno-common -nostdlib -mno-relax -I. -fno-stack-protector -fno-pie -no-pie   -c -o kernel/virtio_disk.o kernel/virtio_disk.c
riscv64-unknown-elf-gcc -Wall -Werror -O -fno-omit-frame-pointer -ggdb -gdwarf-2 -MD -mcmodel=medany -ffreestanding -fno-common -nostdlib -mno-relax -I. -fno-stack-protector -fno-pie -no-pie -march=rv64g -nostdinc -I. -Ikernel -c user/initcode.S -o user/initcode.o
riscv64-unknown-elf-ld -z max-page-size=4096 -N -e start -Ttext 0 -o user/initcode.out user/initcode.o
riscv64-unknown-elf-ld: warning: user/initcode.out has a LOAD segment with RWX permissions
riscv64-unknown-elf-objcopy -S -O binary user/initcode.out user/initcode
riscv64-unknown-elf-objdump -S user/initcode.o > user/initcode.asm
riscv64-unknown-elf-ld -z max-page-size=4096 -T kernel/kernel.ld -o kernel/kernel kernel/entry.o kernel/start.o kernel/console.o kernel/printf.o kernel/uart.o kernel/kalloc.o kernel/spinlock.o kernel/string.o kernel/main.o kernel/vm.o kernel/proc.o kernel/swtch.o kernel/trampoline.o kernel/trap.o kernel/syscall.o kernel/sysproc.o kernel/bio.o kernel/fs.o kernel/log.o kernel/sleeplock.o kernel/file.o kernel/pipe.o kernel/exec.o kernel/sysfile.o kernel/kernelvec.o kernel/plic.o kernel/virtio_disk.o 
riscv64-unknown-elf-ld: warning: kernel/kernel has a LOAD segment with RWX permissions
riscv64-unknown-elf-objdump -S kernel/kernel > kernel/kernel.asm
riscv64-unknown-elf-objdump -t kernel/kernel | sed '1,/SYMBOL TABLE/d; s/ .* / /; /^$/d' > kernel/kernel.sym
== Test [MANDATORY] vatopa exists == 
$ make qemu-gdb
[MANDATORY] vatopa exists: [32mOK[0m (3.2s) 
== Test [MANDATORY] vatopa 0 == 
$ make qemu-gdb
[MANDATORY] vatopa 0: [31mFAIL[0m (0.8s) 
    ...
         init: starting sh
         $ vatopa 0
         No pid supplied pid
         Physical from userspace: 0x87F42000
         $ qemu-system-riscv64: terminating on signal 15 from pid 77534 (<unknown process>)
    [31mMISSING[0m '^0x[0-9a-fA-F]{8}$'
    QEMU output saved to xv6.out.
== Test [MANDATORY] vatopa 0 1 matches == 
$ make qemu-gdb
[MANDATORY] vatopa 0 1 matches: [31mFAIL[0m (1.0s) 
    ...
         Physical from userspace: 0x87F41000
         $ vatopa 0 1
         No pid supplied pid
         Physical from userspace: 0x87F54000
         $ qemu-system-riscv64: terminating on signal 15 from pid 77557 (<unknown process>)
    [31mMISSING[0m '^0x([0-9a-fA-F]{8})$'
    [31mMISSING[0m '^0x([0-9a-fA-F]{8})$'
    QEMU output saved to xv6.out.
== Test [MANDATORY] cowtest no crash == 
$ make qemu-gdb
[MANDATORY] cowtest no crash: [32mOK[0m (6.3s) 
    (Old xv6.out. failure log removed)
== Test [MANDATORY] cowtest 1 match addresses == 
$ make qemu-gdb
[32m			Matching OK[0m
[32m			Matching OK[0m
[MANDATORY] cowtest 1 match addresses: [32mOK[0m (5.6s) 
== Test [MANDATORY] cowtest 2 match addresses == 
$ make qemu-gdb
[32m			Matching OK[0m
[32m			Matching OK[0m
[32m			Matching OK[0m
[MANDATORY] cowtest 2 match addresses: [32mOK[0m (5.6s) 
== Test [MANDATORY] cowtest 3 match addresses == 
$ make qemu-gdb
[32m			Matching OK[0m
[32m			Matching OK[0m
[32m			Matching OK[0m
[32m			Matching OK[0m
[MANDATORY] cowtest 3 match addresses: [32mOK[0m (5.6s) 
== Test [MANDATORY] cowtest 4 match addresses == 
$ make qemu-gdb
[32m			Matching OK[0m
[32m			Matching OK[0m
[MANDATORY] cowtest 4 match addresses: [31mFAIL[0m (5.6s) 
    [31mRESULT NOT MATCHED[0m
    0
    0
    0
    QEMU output saved to xv6.out.
Passed 5 out of 8 tests
